ARM Linker, 5.03 [Build 76] [MDK-ARM Standard]

==============================================================================

Section Cross References

    app.o(.text) refers to all_init.o(.text) for ALL_Init
    app.o(.text) refers to os_core.o(.text) for OSInit
    app.o(.text) refers to os_task.o(.text) for OSTaskCreate
    app.o(.text) refers to app_task.o(.bss) for Start_Task_Stk
    app.o(.text) refers to app_task.o(.text) for Start_Task
    app_task.o(.text) refers to os_time.o(.text) for OSTimeDly
    app_task.o(.text) refers to keytouch.o(.text) for KeyDeal
    app_task.o(.text) refers to i2c_vl53l0x.o(.text) for I2C1_init
    app_task.o(.text) refers to timer.o(.text) for MortorTimerInit
    app_task.o(.text) refers to os_q.o(.text) for OSQPend
    app_task.o(.text) refers to motor.o(.text) for MotorControl
    app_task.o(.text) refers to bluetooth.o(.text) for UART1_Init
    app_task.o(.text) refers to mem_store.o(.text) for Store_Init
    app_task.o(.text) refers to mem_q.o(.text) for Cir_Queue_Init
    app_task.o(.text) refers to alldata_deal.o(.text) for CheckOut
    app_task.o(.text) refers to os_mbox.o(.text) for OSMboxPost
    app_task.o(.text) refers to os_sem.o(.text) for OSSemAccept
    app_task.o(.text) refers to api_mem.o(.text) for Mem_free
    app_task.o(.text) refers to led.o(.text) for ThreeLedDeal
    app_task.o(.text) refers to i2c_3731.o(.text) for EyeInit
    app_task.o(.text) refers to os_task.o(.text) for OSTaskCreate
    app_task.o(.text) refers to app_task.o(.data) for motor_Q
    app_task.o(.text) refers to app_task.o(.bss) for Q_MOTOR
    led.o(.text) refers to i2c_3731.o(.text) for I2C0_Byte_Write
    led.o(.text) refers to api_mem.o(.text) for Mem_malloc
    led.o(.text) refers to os_q.o(.text) for OSQPost
    led.o(.text) refers to ledbuffer.o(.constdata) for right_Eyes
    led.o(.text) refers to ledbuffer.o(.data) for center0
    led.o(.text) refers to led.o(.data) for i
    led.o(.text) refers to app_task.o(.data) for led61Cmd_Q
    led.o(.text) refers to os_time.o(.text) for OSTimeDly
    keytouch.o(.text) refers to api_mem.o(.text) for Mem_malloc
    keytouch.o(.text) refers to os_q.o(.text) for OSQPost
    keytouch.o(.text) refers to alldata_deal.o(.text) for BufferInCheck
    keytouch.o(.text) refers to bluetooth.o(.text) for UART1SendDatas
    keytouch.o(.text) refers to os_sem.o(.text) for OSSemPend
    keytouch.o(.text) refers to app_task.o(.data) for motor_Q
    keytouch.o(.text) refers to keytouch.o(.data) for triger
    motor.o(.text) refers to timer.o(i.TimerDisable) for TimerDisable
    motor.o(.text) refers to timer.o(i.TimerConfigure) for TimerConfigure
    motor.o(.text) refers to timer.o(i.TimerLoadSet) for TimerLoadSet
    motor.o(.text) refers to interrupt.o(i.IntEnable) for IntEnable
    motor.o(.text) refers to timer.o(i.TimerIntEnable) for TimerIntEnable
    motor.o(.text) refers to timer.o(i.TimerEnable) for TimerEnable
    motor.o(.text) refers to alldata_deal.o(.text) for BufferInCheck
    motor.o(.text) refers to bluetooth.o(.text) for UART1SendDatas
    motor.o(.text) refers to api_mem.o(.text) for Mem_free
    motor.o(.text) refers to motor.o(.data) for isMotorRun
    motor.o(.text) refers to os_core.o(.text) for OSIntEnter
    motor.o(.text) refers to timer.o(i.TimerIntClear) for TimerIntClear
    bluetooth.o(.text) refers to os_core.o(.text) for OSIntEnter
    bluetooth.o(.text) refers to uart.o(i.UARTIntStatus) for UARTIntStatus
    bluetooth.o(.text) refers to uart.o(i.UARTIntClear) for UARTIntClear
    bluetooth.o(.text) refers to mem_q.o(.text) for CirQ_GetLength
    bluetooth.o(.text) refers to uart.o(i.UARTCharPut) for UARTCharPut
    bluetooth.o(.text) refers to timer.o(i.TimerLoadSet) for TimerLoadSet
    bluetooth.o(.text) refers to timer.o(i.TimerEnable) for TimerEnable
    bluetooth.o(.text) refers to uart.o(i.UARTCharGet) for UARTCharGet
    bluetooth.o(.text) refers to mem_store.o(.text) for Store_Clear
    bluetooth.o(.text) refers to api_mem.o(.text) for Mem_malloc
    bluetooth.o(.text) refers to os_q.o(.text) for OSQPost
    bluetooth.o(.text) refers to timer.o(i.TimerDisable) for TimerDisable
    bluetooth.o(.text) refers to uart.o(i.UARTIntRegister) for UARTIntRegister
    bluetooth.o(.text) refers to os_cpu_a.o(.text) for OS_CPU_SR_Save
    bluetooth.o(.text) refers to timer.o(i.TimerIntClear) for TimerIntClear
    bluetooth.o(.text) refers to bluetooth.o(.data) for uart1State
    bluetooth.o(.text) refers to app_task.o(.data) for UART1_Tx_Buf
    alldata_deal.o(.text) refers to bluetooth.o(.text) for UART1SendDatas
    all_init.o(.text) refers to interrupt.o(i.IntMasterDisable) for IntMasterDisable
    all_init.o(.text) refers to timer.o(.text) for CPUCLK_Init
    all_init.o(.text) refers to interrupt.o(i.IntMasterEnable) for IntMasterEnable
    all_init.o(.text) refers to all_init.o(.data) for Flagbits
    i2c_3731.o(.text) refers to sysctl.o(i.SysCtlPeripheralEnable) for SysCtlPeripheralEnable
[...]
    Removing gpio.o(i.GPIOADCTriggerEnable), (14 bytes).
    Removing gpio.o(i.GPIODMATriggerDisable), (14 bytes).
    Removing gpio.o(i.GPIODMATriggerEnable), (14 bytes).
    Removing gpio.o(i.GPIODirModeGet), (34 bytes).
    Removing gpio.o(i.GPIOIntClear), (6 bytes).
    Removing gpio.o(i.GPIOIntDisable), (14 bytes).
    Removing gpio.o(i.GPIOIntEnable), (14 bytes).
    Removing gpio.o(i.GPIOIntRegister), (88 bytes).
    Removing gpio.o(i.GPIOIntStatus), (14 bytes).
    Removing gpio.o(i.GPIOIntTypeGet), (68 bytes).
    Removing gpio.o(i.GPIOIntTypeSet), (80 bytes).
    Removing gpio.o(i.GPIOIntUnregister), (88 bytes).
    Removing gpio.o(i.GPIOPadConfigGet), (204 bytes).
    Removing gpio.o(i.GPIOPinRead), (6 bytes).
    Removing gpio.o(i.GPIOPinTypeADC), (28 bytes).
    Removing gpio.o(i.GPIOPinTypeCAN), (28 bytes).
    Removing gpio.o(i.GPIOPinTypeCIR), (28 bytes).
    Removing gpio.o(i.GPIOPinTypeComparator), (28 bytes).
    Removing gpio.o(i.GPIOPinTypeEPI), (28 bytes).
    Removing gpio.o(i.GPIOPinTypeEthernetLED), (28 bytes).
    Removing gpio.o(i.GPIOPinTypeEthernetMII), (28 bytes).
    Removing gpio.o(i.GPIOPinTypeGPIOInput), (28 bytes).
    Removing gpio.o(i.GPIOPinTypeGPIOOutput), (28 bytes).
    Removing gpio.o(i.GPIOPinTypeGPIOOutputOD), (28 bytes).
    Removing gpio.o(i.GPIOPinTypeKBColumn), (28 bytes).
    Removing gpio.o(i.GPIOPinTypeKBRow), (28 bytes).
    Removing gpio.o(i.GPIOPinTypeLCD), (28 bytes).
    Removing gpio.o(i.GPIOPinTypeLEDSeq), (28 bytes).
    Removing gpio.o(i.GPIOPinTypeLPC), (28 bytes).
    Removing gpio.o(i.GPIOPinTypePECIRx), (28 bytes).
    Removing gpio.o(i.GPIOPinTypePECITx), (28 bytes).
    Removing gpio.o(i.GPIOPinTypePWM), (28 bytes).
    Removing gpio.o(i.GPIOPinTypeQEI), (28 bytes).
    Removing gpio.o(i.GPIOPinTypeSSI), (28 bytes).
    Removing gpio.o(i.GPIOPinTypeTimer), (28 bytes).
    Removing gpio.o(i.GPIOPinTypeUART), (28 bytes).
    Removing gpio.o(i.GPIOPinTypeUSBAnalog), (28 bytes).
    Removing gpio.o(i.GPIOPinTypeUSBDigital), (28 bytes).
    Removing gpio.o(i.GPIOPinTypeWakeHigh), (30 bytes).
    Removing gpio.o(i.GPIOPinTypeWakeLow), (30 bytes).
    Removing gpio.o(i.GPIOPinWakeStatus), (6 bytes).
    Removing gpio.o(i.GPIOPinWrite), (6 bytes).
    Removing i2c.o(i.I2CFIFODataGet), (16 bytes).
    Removing i2c.o(i.I2CFIFODataGetNonBlocking), (24 bytes).
    Removing i2c.o(i.I2CFIFODataPut), (16 bytes).
    Removing i2c.o(i.I2CFIFODataPutNonBlocking), (20 bytes).
    Removing i2c.o(i.I2CFIFOStatus), (6 bytes).
    Removing i2c.o(i.I2CIntRegister), (96 bytes).
    Removing i2c.o(i.I2CIntUnregister), (96 bytes).
    Removing i2c.o(i.I2CMasterBurstCountGet), (4 bytes).
    Removing i2c.o(i.I2CMasterBurstLengthSet), (4 bytes).
    Removing i2c.o(i.I2CMasterBusBusy), (12 bytes).
    Removing i2c.o(i.I2CMasterDisable), (10 bytes).
    Removing i2c.o(i.I2CMasterEnable), (10 bytes).
    Removing i2c.o(i.I2CMasterErr), (24 bytes).
    Removing i2c.o(i.I2CMasterGlitchFilterConfigSet), (8 bytes).
    Removing i2c.o(i.I2CMasterIntClear), (8 bytes).
    Removing i2c.o(i.I2CMasterIntClearEx), (4 bytes).
    Removing i2c.o(i.I2CMasterIntDisable), (6 bytes).
    Removing i2c.o(i.I2CMasterIntDisableEx), (10 bytes).
    Removing i2c.o(i.I2CMasterIntEnable), (6 bytes).
    Removing i2c.o(i.I2CMasterIntEnableEx), (8 bytes).
    Removing i2c.o(i.I2CMasterIntStatus), (24 bytes).
    Removing i2c.o(i.I2CMasterIntStatusEx), (10 bytes).
    Removing i2c.o(i.I2CMasterLineStateGet), (4 bytes).
    Removing i2c.o(i.I2CMasterTimeoutSet), (4 bytes).
    Removing i2c.o(i.I2CRxFIFOConfigSet), (20 bytes).
    Removing i2c.o(i.I2CRxFIFOFlush), (16 bytes).
    Removing i2c.o(i.I2CSlaveACKOverride), (24 bytes).
    Removing i2c.o(i.I2CSlaveACKValueSet), (24 bytes).
    Removing i2c.o(i.I2CSlaveAddressSet), (24 bytes).
    Removing i2c.o(i.I2CSlaveDataGet), (6 bytes).
    Removing i2c.o(i.I2CSlaveDataPut), (6 bytes).
    Removing i2c.o(i.I2CSlaveDisable), (16 bytes).
    Removing i2c.o(i.I2CSlaveEnable), (16 bytes).
    Removing i2c.o(i.I2CSlaveFIFODisable), (8 bytes).
    Removing i2c.o(i.I2CSlaveFIFOEnable), (10 bytes).
    Removing i2c.o(i.I2CSlaveInit), (20 bytes).
    Removing i2c.o(i.I2CSlaveIntClear), (8 bytes).
    Removing i2c.o(i.I2CSlaveIntClearEx), (6 bytes).
    Removing i2c.o(i.I2CSlaveIntDisable), (16 bytes).
    Removing i2c.o(i.I2CSlaveIntDisableEx), (14 bytes).
    Removing i2c.o(i.I2CSlaveIntEnable), (16 bytes).
    Removing i2c.o(i.I2CSlaveIntEnableEx), (14 bytes).
    Removing i2c.o(i.I2CSlaveIntStatus), (28 bytes).
    Removing i2c.o(i.I2CSlaveIntStatusEx), (14 bytes).
    Removing i2c.o(i.I2CSlaveStatus), (6 bytes).
    Removing i2c.o(i.I2CTxFIFOConfigSet), (22 bytes).
    Removing i2c.o(i.I2CTxFIFOFlush), (16 bytes).
    Removing i2c.o(.constdata), (128 bytes).
    Removing interrupt.o(i.IntDisable), (100 bytes).
    Removing interrupt.o(i.IntIsEnabled), (96 bytes).
    Removing interrupt.o(i.IntPendClear), (68 bytes).
    Removing interrupt.o(i.IntPendSet), (84 bytes).
    Removing interrupt.o(i.IntPriorityGet), (28 bytes).
    Removing interrupt.o(i.IntPriorityGroupingGet), (36 bytes).
    Removing interrupt.o(i.IntPriorityGroupingSet), (28 bytes).
    Removing interrupt.o(i.IntPriorityMaskGet), (4 bytes).
    Removing interrupt.o(i.IntPriorityMaskSet), (4 bytes).
    Removing interrupt.o(i.IntTrigger), (12 bytes).
    Removing interrupt.o(i.IntUnregister), (20 bytes).
    Removing interrupt.o(i._IntDefaultHandler), (2 bytes).
    Removing sysctl.o(i.SysCtlAltClkConfig), (12 bytes).
    Removing sysctl.o(i.SysCtlClockFreqSet), (712 bytes).
    Removing sysctl.o(i.SysCtlClockGet), (356 bytes).
    Removing sysctl.o(i.SysCtlClockOutConfig), (16 bytes).
    Removing sysctl.o(i.SysCtlDeepSleep), (32 bytes).
    Removing sysctl.o(i.SysCtlDeepSleepClockConfigSet), (112 bytes).
    Removing sysctl.o(i.SysCtlDeepSleepClockSet), (12 bytes).
    Removing sysctl.o(i.SysCtlDeepSleepPowerSet), (12 bytes).
    Removing sysctl.o(i.SysCtlFlashSectorSizeGet), (56 bytes).
    Removing sysctl.o(i.SysCtlFlashSizeGet), (56 bytes).
    Removing sysctl.o(i.SysCtlGPIOAHBDisable), (28 bytes).
    Removing sysctl.o(i.SysCtlGPIOAHBEnable), (24 bytes).
    Removing sysctl.o(i.SysCtlIntClear), (12 bytes).
    Removing sysctl.o(i.SysCtlIntDisable), (16 bytes).
    Removing sysctl.o(i.SysCtlIntEnable), (16 bytes).
    Removing sysctl.o(i.SysCtlIntRegister), (20 bytes).
    Removing sysctl.o(i.SysCtlIntStatus), (16 bytes).
    Removing sysctl.o(i.SysCtlIntUnregister), (18 bytes).
    Removing sysctl.o(i.SysCtlLDODeepSleepGet), (12 bytes).
    Removing sysctl.o(i.SysCtlLDODeepSleepSet), (12 bytes).
    Removing sysctl.o(i.SysCtlLDOSleepGet), (12 bytes).
    Removing sysctl.o(i.SysCtlLDOSleepSet), (12 bytes).
    Removing sysctl.o(i.SysCtlMOSCConfigSet), (12 bytes).
    Removing sysctl.o(i.SysCtlNMIClear), (16 bytes).
    Removing sysctl.o(i.SysCtlNMIStatus), (12 bytes).
    Removing sysctl.o(i.SysCtlPIOSCCalibrate), (76 bytes).
    Removing sysctl.o(i.SysCtlPWMClockGet), (24 bytes).
    Removing sysctl.o(i.SysCtlPWMClockSet), (20 bytes).
    Removing sysctl.o(i.SysCtlPeripheralClockGating), (68 bytes).
    Removing sysctl.o(i.SysCtlPeripheralDeepSleepDisable), (40 bytes).
    Removing sysctl.o(i.SysCtlPeripheralDeepSleepEnable), (40 bytes).
    Removing sysctl.o(i.SysCtlPeripheralDisable), (40 bytes).
    Removing sysctl.o(i.SysCtlPeripheralPowerOff), (40 bytes).
    Removing sysctl.o(i.SysCtlPeripheralPowerOn), (40 bytes).
    Removing sysctl.o(i.SysCtlPeripheralPresent), (44 bytes).
    Removing sysctl.o(i.SysCtlPeripheralReady), (44 bytes).
    Removing sysctl.o(i.SysCtlPeripheralReset), (60 bytes).
    Removing sysctl.o(i.SysCtlPeripheralSleepDisable), (40 bytes).
    Removing sysctl.o(i.SysCtlPeripheralSleepEnable), (40 bytes).
    Removing sysctl.o(i.SysCtlReset), (16 bytes).
    Removing sysctl.o(i.SysCtlResetBehaviorGet), (12 bytes).
    Removing sysctl.o(i.SysCtlResetBehaviorSet), (12 bytes).
    Removing sysctl.o(i.SysCtlResetCauseClear), (16 bytes).
    Removing sysctl.o(i.SysCtlResetCauseGet), (12 bytes).
    Removing sysctl.o(i.SysCtlSRAMSizeGet), (16 bytes).
    Removing sysctl.o(i.SysCtlSleep), (4 bytes).
    Removing sysctl.o(i.SysCtlSleepPowerSet), (12 bytes).
    Removing sysctl.o(i.SysCtlUSBPLLDisable), (16 bytes).
    Removing sysctl.o(i.SysCtlUSBPLLEnable), (16 bytes).
    Removing sysctl.o(i.SysCtlVoltageEventClear), (16 bytes).
    Removing sysctl.o(i.SysCtlVoltageEventConfig), (12 bytes).
    Removing sysctl.o(i.SysCtlVoltageEventStatus), (12 bytes).
    Removing sysctl.o(.constdata), (452 bytes).
    Removing systick.o(i.SysTickDisable), (14 bytes).
    Removing systick.o(i.SysTickEnable), (14 bytes).
    Removing systick.o(i.SysTickIntDisable), (14 bytes).
    Removing systick.o(i.SysTickIntEnable), (14 bytes).
    Removing systick.o(i.SysTickIntUnregister), (18 bytes).
    Removing systick.o(i.SysTickPeriodGet), (10 bytes).
    Removing systick.o(i.SysTickPeriodSet), (10 bytes).
    Removing systick.o(i.SysTickValueGet), (8 bytes).
    Removing timer.o(i.TimerADCEventGet), (4 bytes).
    Removing timer.o(i.TimerADCEventSet), (4 bytes).
    Removing timer.o(i.TimerClockSourceGet), (6 bytes).
    Removing timer.o(i.TimerClockSourceSet), (6 bytes).
    Removing timer.o(i.TimerControlEvent), (18 bytes).
    Removing timer.o(i.TimerControlLevel), (22 bytes).
    Removing timer.o(i.TimerControlStall), (22 bytes).
    Removing timer.o(i.TimerControlTrigger), (76 bytes).
    Removing timer.o(i.TimerControlWaitOnTrigger), (48 bytes).
    Removing timer.o(i.TimerDMAEventGet), (4 bytes).
    Removing timer.o(i.TimerDMAEventSet), (4 bytes).
    Removing timer.o(i.TimerIntDisable), (10 bytes).
    Removing timer.o(i.TimerIntRegister), (104 bytes).
    Removing timer.o(i.TimerIntStatus), (10 bytes).
    Removing timer.o(i.TimerIntUnregister), (104 bytes).
    Removing timer.o(i.TimerLoadGet), (10 bytes).
    Removing timer.o(i.TimerLoadGet64), (14 bytes).
    Removing timer.o(i.TimerLoadSet64), (6 bytes).
    Removing timer.o(i.TimerMatchGet), (10 bytes).
    Removing timer.o(i.TimerMatchGet64), (14 bytes).
    Removing timer.o(i.TimerMatchSet), (18 bytes).
    Removing timer.o(i.TimerMatchSet64), (6 bytes).
    Removing timer.o(i.TimerPrescaleGet), (10 bytes).
    Removing timer.o(i.TimerPrescaleMatchGet), (10 bytes).
    Removing timer.o(i.TimerPrescaleMatchSet), (18 bytes).
    Removing timer.o(i.TimerPrescaleSet), (18 bytes).
    Removing timer.o(i.TimerRTCDisable), (10 bytes).
    Removing timer.o(i.TimerRTCEnable), (10 bytes).
    Removing timer.o(i.TimerSynchronize), (4 bytes).
    Removing timer.o(i.TimerUpdateMode), (42 bytes).
    Removing timer.o(i.TimerValueGet), (10 bytes).
    Removing timer.o(i.TimerValueGet64), (14 bytes).
    Removing timer.o(.constdata), (160 bytes).
    Removing uart.o(i.UART9BitAddrSend), (38 bytes).
    Removing uart.o(i.UART9BitAddrSet), (10 bytes).
    Removing uart.o(i.UART9BitDisable), (14 bytes).
    Removing uart.o(i.UART9BitEnable), (14 bytes).
    Removing uart.o(i.UARTBreakCtl), (18 bytes).
    Removing uart.o(i.UARTBusy), (8 bytes).
    Removing uart.o(i.UARTCharGetNonBlocking), (16 bytes).
    Removing uart.o(i.UARTCharPutNonBlocking), (16 bytes).
    Removing uart.o(i.UARTCharsAvail), (10 bytes).
    Removing uart.o(i.UARTClockSourceGet), (6 bytes).
    Removing uart.o(i.UARTClockSourceSet), (6 bytes).
    Removing uart.o(i.UARTConfigGetExpClk), (46 bytes).
    Removing uart.o(i.UARTConfigSetExpClk), (110 bytes).
    Removing uart.o(i.UARTDMADisable), (10 bytes).
    Removing uart.o(i.UARTDMAEnable), (8 bytes).
    Removing uart.o(i.UARTDisable), (30 bytes).
    Removing uart.o(i.UARTDisableSIR), (10 bytes).
    Removing uart.o(i.UARTEnable), (20 bytes).
    Removing uart.o(i.UARTEnableSIR), (18 bytes).
    Removing uart.o(i.UARTFIFODisable), (10 bytes).
    Removing uart.o(i.UARTFIFOEnable), (10 bytes).
    Removing uart.o(i.UARTFIFOLevelGet), (16 bytes).
    Removing uart.o(i.UARTFIFOLevelSet), (6 bytes).
    Removing uart.o(i.UARTFlowControlGet), (8 bytes).
    Removing uart.o(i.UARTFlowControlSet), (12 bytes).
    Removing uart.o(i.UARTIntDisable), (10 bytes).
    Removing uart.o(i.UARTIntEnable), (8 bytes).
    Removing uart.o(i.UARTIntUnregister), (88 bytes).
    Removing uart.o(i.UARTModemControlClear), (14 bytes).
    Removing uart.o(i.UARTModemControlGet), (8 bytes).
    Removing uart.o(i.UARTModemControlSet), (12 bytes).
    Removing uart.o(i.UARTModemStatusGet), (10 bytes).
    Removing uart.o(i.UARTParityModeGet), (8 bytes).
    Removing uart.o(i.UARTParityModeSet), (12 bytes).
    Removing uart.o(i.UARTRxErrorClear), (6 bytes).
    Removing uart.o(i.UARTRxErrorGet), (8 bytes).
    Removing uart.o(i.UARTSmartCardDisable), (10 bytes).
    Removing uart.o(i.UARTSmartCardEnable), (22 bytes).
    Removing uart.o(i.UARTSpaceAvail), (10 bytes).
    Removing uart.o(i.UARTTxIntModeGet), (8 bytes).
    Removing uart.o(i.UARTTxIntModeSet), (12 bytes).

242 unused section(s) (total 9104 bytes) removed from the image.

==============================================================================

Image Symbol Table

    Local Symbols

    Symbol Name                              Value     Ov Type        Size  Object(Section)

    RESET                                    0x00000000   Section      648  startup_tm4c123.o(RESET)
    ../clib/../cmprslib/zerorunl2.c          0x00000000   Number         0  __dczerorl2.o ABSOLUTE
    ../clib/microlib/init/entry.s            0x00000000   Number         0  entry7a.o ABSOLUTE
    ../clib/microlib/init/entry.s            0x00000000   Number         0  entry5.o ABSOLUTE
    ../clib/microlib/init/entry.s            0x00000000   Number         0  entry10a.o ABSOLUTE
    ../clib/microlib/init/entry.s            0x00000000   Number         0  entry9b.o ABSOLUTE
    ../clib/microlib/init/entry.s            0x00000000   Number         0  entry2.o ABSOLUTE
    ../clib/microlib/init/entry.s            0x00000000   Number         0  entry.o ABSOLUTE
    ../clib/microlib/init/entry.s            0x00000000   Number         0  entry9a.o ABSOLUTE
    ../clib/microlib/init/entry.s            0x00000000   Number         0  entry11b.o ABSOLUTE
    ../clib/microlib/init/entry.s            0x00000000   Number         0  entry8b.o ABSOLUTE
    ../clib/microlib/init/entry.s            0x00000000   Number         0  entry8a.o ABSOLUTE
    ../clib/microlib/init/entry.s            0x00000000   Number         0  entry11a.o ABSOLUTE
    ../clib/microlib/init/entry.s            0x00000000   Number         0  entry7b.o ABSOLUTE
    ../clib/microlib/init/entry.s            0x00000000   Number         0  entry10b.o ABSOLUTE
    ../clib/microlib/string/memcpy.c         0x00000000   Number         0  memcpya.o ABSOLUTE
    ../clib/microlib/string/memcpy.c         0x00000000   Number         0  memcpyb.o ABSOLUTE
    ..\APP\all_init.c                        0x00000000   Number         0  all_init.o ABSOLUTE
    ..\APP\api_mem.c                         0x00000000   Number         0  api_mem.o ABSOLUTE
    ..\APP\app.c                             0x00000000   Number         0  app.o ABSOLUTE
    ..\APP\app_hooks.c                       0x00000000   Number         0  app_hooks.o ABSOLUTE
    ..\APP\app_task.c                        0x00000000   Number         0  app_task.o ABSOLUTE
    ..\APP\mem_Q.c                           0x00000000   Number         0  mem_q.o ABSOLUTE
    ..\APP\mem_Store.c                       0x00000000   Number         0  mem_store.o ABSOLUTE
    ..\DEAL\Bluetooth.c                      0x00000000   Number         0  bluetooth.o ABSOLUTE
    ..\DEAL\LED.c                            0x00000000   Number         0  led.o ABSOLUTE
    ..\DEAL\LEDBuffer.c                      0x00000000   Number         0  ledbuffer.o ABSOLUTE
    ..\DEAL\alldata_deal.c                   0x00000000   Number         0  alldata_deal.o ABSOLUTE
    ..\DEAL\keytouch.c                       0x00000000   Number         0  keytouch.o ABSOLUTE
    ..\DEAL\motor.c                          0x00000000   Number         0  motor.o ABSOLUTE
    ..\DRIVE\I2C_vl53l0x.c                   0x00000000   Number         0  i2c_vl53l0x.o ABSOLUTE
    ..\DRIVE\i2c_3731.c                      0x00000000   Number         0  i2c_3731.o ABSOLUTE
    ..\DRIVE\timer.c                         0x00000000   Number         0  timer.o ABSOLUTE
    ..\uCOS-II_files\Ports\os_cpu_a.asm      0x00000000   Number         0  os_cpu_a.o ABSOLUTE
    ..\uCOS-II_files\Ports\os_cpu_c.c        0x00000000   Number         0  os_cpu_c.o ABSOLUTE
    ..\uCOS-II_files\Ports\os_dbg.c          0x00000000   Number         0  os_dbg.o ABSOLUTE
    ..\uCOS-II_files\Source\os_core.c        0x00000000   Number         0  os_core.o ABSOLUTE
    ..\uCOS-II_files\Source\os_flag.c        0x00000000   Number         0  os_flag.o ABSOLUTE
    ..\uCOS-II_files\Source\os_mbox.c        0x00000000   Number         0  os_mbox.o ABSOLUTE
    ..\uCOS-II_files\Source\os_mem.c         0x00000000   Number         0  os_mem.o ABSOLUTE
    ..\uCOS-II_files\Source\os_mutex.c       0x00000000   Number         0  os_mutex.o ABSOLUTE
    ..\uCOS-II_files\Source\os_q.c           0x00000000   Number         0  os_q.o ABSOLUTE
    ..\uCOS-II_files\Source\os_sem.c         0x00000000   Number         0  os_sem.o ABSOLUTE
    ..\uCOS-II_files\Source\os_task.c        0x00000000   Number         0  os_task.o ABSOLUTE
    ..\uCOS-II_files\Source\os_time.c        0x00000000   Number         0  os_time.o ABSOLUTE
    ..\uCOS-II_files\Source\os_tmr.c         0x00000000   Number         0  os_tmr.o ABSOLUTE
    cpu.c                                    0x00000000   Number         0  cpu.o ABSOLUTE
    cpu.c                                    0x00000000   Number         0  cpu.o ABSOLUTE
    dc.s                                     0x00000000   Number         0  dc.o ABSOLUTE
    gpio.c                                   0x00000000   Number         0  gpio.o ABSOLUTE
    handlers.s                               0x00000000   Number         0  handlers.o ABSOLUTE
    i2c.c                                    0x00000000   Number         0  i2c.o ABSOLUTE
    init.s                                   0x00000000   Number         0  init.o ABSOLUTE
    interrupt.c                              0x00000000   Number         0  interrupt.o ABSOLUTE
    startup_TM4C123.s                        0x00000000   Number         0  startup_tm4c123.o ABSOLUTE
    sysctl.c                                 0x00000000   Number         0  sysctl.o ABSOLUTE
    sysctl.c                                 0x00000000   Number         0  sysctl.o ABSOLUTE
    systick.c                                0x00000000   Number         0  systick.o ABSOLUTE
    timer.c                                  0x00000000   Number         0  timer.o ABSOLUTE
    uart.c                                   0x00000000   Number         0  uart.o ABSOLUTE
    $v0                                      0x0000026c   Number         0  startup_tm4c123.o(RESET)
    NmiSR                                    0x00000281   Thumb Code     0  startup_tm4c123.o(RESET)
    FaultISR                                 0x00000283   Thumb Code     0  startup_tm4c123.o(RESET)
    IntDefaultHandler                        0x00000285   Thumb Code     0  startup_tm4c123.o(RESET)
    .ARM.Collect$$$$00000000                 0x00000288   Section        0  entry.o(.ARM.Collect$$$$00000000)
    .ARM.Collect$$$$00000001                 0x00000288   Section        4  entry2.o(.ARM.Collect$$$$00000001)
    .ARM.Collect$$$$00000004                 0x0000028c   Section        4  entry5.o(.ARM.Collect$$$$00000004)
    .ARM.Collect$$$$00000008                 0x00000290   Section        0  entry7b.o(.ARM.Collect$$$$00000008)
    .ARM.Collect$$$$0000000A                 0x00000290   Section        0  entry8b.o(.ARM.Collect$$$$0000000A)
    .ARM.Collect$$$$0000000B                 0x00000290   Section        8  entry9a.o(.ARM.Collect$$$$0000000B)
    .ARM.Collect$$$$0000000D                 0x00000298   Section        0  entry10a.o(.ARM.Collect$$$$0000000D)
    .ARM.Collect$$$$0000000F                 0x00000298   Section        0  entry11a.o(.ARM.Collect$$$$0000000F)
    .ARM.Collect$$$$00002712                 0x00000298   Section        4  entry2.o(.ARM.Collect$$$$00002712)
    __lit__00000000                          0x00000298   Data           4  entry2.o(.ARM.Collect$$$$00002712)
    .emb_text                                0x0000029c   Section        6  sysctl.o(.emb_text)
    $v0                                      0x0000029c   Number         0  sysctl.o(.emb_text)
    .emb_text                                0x000002a4   Section       38  cpu.o(.emb_text)
    $v0                                      0x000002a4   Number         0  cpu.o(.emb_text)
    .text                                    0x000002cc   Section        0  app.o(.text)
    .text                                    0x00000304   Section        0  app_hooks.o(.text)
    .text                                    0x00000314   Section        0  app_task.o(.text)
    KeyDealTask                              0x00000315   Thumb Code    14  app_task.o(.text)
    DistanceTask                             0x00000323   Thumb Code    18  app_task.o(.text)
    MotorControlTask                         0x00000335   Thumb Code    38  app_task.o(.text)
    MessageCenterTask                        0x0000035b   Thumb Code   218  app_task.o(.text)
    ThreeLedTask                             0x00000435   Thumb Code    32  app_task.o(.text)
    LED_Task                                 0x00000455   Thumb Code    48  app_task.o(.text)
    ControlCenterTask                        0x00000485   Thumb Code    48  app_task.o(.text)
    .text                                    0x000005d8   Section        0  led.o(.text)
    EyeLight                                 0x000005d9   Thumb Code   192  led.o(.text)
    EyeAction4                               0x00000699   Thumb Code   410  led.o(.text)
    EyeAction2                               0x00000833   Thumb Code   190  led.o(.text)
    EyeAction3                               0x000008f1   Thumb Code    86  led.o(.text)
    EyeAction0                               0x00000947   Thumb Code   444  led.o(.text)
    EyeAction1                               0x00000b03   Thumb Code   152  led.o(.text)
    .text                                    0x00000e24   Section        0  keytouch.o(.text)
    SendMotor                                0x00000e25   Thumb Code    50  keytouch.o(.text)
    LocationDeal                             0x00000e57   Thumb Code   156  keytouch.o(.text)
    SoundDeal                                0x00000f63   Thumb Code   284  keytouch.o(.text)
    KeyScan                                  0x0000107f   Thumb Code   242  keytouch.o(.text)
    .text                                    0x000011a8   Section        0  motor.o(.text)
    StartMotor                               0x000011a9   Thumb Code    74  motor.o(.text)
    KeyCmd                                   0x000011f3   Thumb Code   250  motor.o(.text)
    IPadCmd                                  0x000012ed   Thumb Code   458  motor.o(.text)
    ButtonTests                              0x000014b7   Thumb Code    86  motor.o(.text)
    StopMotor                                0x00001539   Thumb Code    22  motor.o(.text)
    .text                                    0x00001aa8   Section        0  bluetooth.o(.text)
    .text                                    0x00001d80   Section        0  alldata_deal.o(.text)
    .text                                    0x00001df8   Section        0  all_init.o(.text)
    .text                                    0x00001fc8   Section        0  i2c_3731.o(.text)
    .text                                    0x00002240   Section        0  i2c_vl53l0x.o(.text)
    .text                                    0x000026d0   Section        0  timer.o(.text)
    .text                                    0x000027c0   Section        0  mem_store.o(.text)
    .text                                    0x000028c8   Section        0  mem_q.o(.text)
    .text                                    0x00002a48   Section        0  api_mem.o(.text)
    .text                                    0x00002c1c   Section        0  os_core.o(.text)
    OS_SchedNew                              0x00002d23   Thumb Code    26  os_core.o(.text)
    OS_InitTaskStat                          0x00003159   Thumb Code    28  os_core.o(.text)
    OS_InitTaskIdle                          0x00003197   Thumb Code    28  os_core.o(.text)
    OS_InitEventList                         0x000031c5   Thumb Code    84  os_core.o(.text)
    OS_InitTCBList                           0x00003219   Thumb Code    94  os_core.o(.text)
    OS_InitRdyList                           0x00003277   Thumb Code    44  os_core.o(.text)
    OS_InitMisc                              0x000032a3   Thumb Code    48  os_core.o(.text)
    .text                                    0x000038a8   Section        0  os_flag.o(.text)
    OS_FlagTaskRdy                           0x00003a1f   Thumb Code    98  os_flag.o(.text)
    OS_FlagBlock                             0x00003beb   Thumb Code   152  os_flag.o(.text)
    .text                                    0x000040cc   Section        0  os_mbox.o(.text)
    .text                                    0x000044b0   Section        0  os_mem.o(.text)
    .text                                    0x00004694   Section        0  os_q.o(.text)
    .text                                    0x00004c94   Section        0  os_sem.o(.text)
    .text                                    0x00005038   Section        0  os_task.o(.text)
    .text                                    0x0000575c   Section        0  os_time.o(.text)
    .text                                    0x00005914   Section        0  os_cpu_c.o(.text)
    .text                                    0x00005a84   Section      220  os_cpu_a.o(.text)
    $v0                                      0x00005a84   Number         0  os_cpu_a.o(.text)
    .text                                    0x00005b60   Section        0  os_dbg.o(.text)
    .text                                    0x00005c78   Section        0  memcpya.o(.text)
    .text                                    0x00005c9c   Section       36  init.o(.text)
    .text                                    0x00005cc0   Section        0  __dczerorl2.o(.text)
    i.GPIODirModeSet                         0x00005d1c   Section        0  gpio.o(i.GPIODirModeSet)
    i.GPIOPadConfigSet                       0x00005d44   Section        0  gpio.o(i.GPIOPadConfigSet)
    i.GPIOPinConfigure                       0x00005e80   Section        0  gpio.o(i.GPIOPinConfigure)
    i.GPIOPinTypeI2C                         0x00005ec8   Section        0  gpio.o(i.GPIOPinTypeI2C)
    i.GPIOPinTypeI2CSCL                      0x00005ee4   Section        0  gpio.o(i.GPIOPinTypeI2CSCL)
    i.I2CMasterBusy                          0x00005f00   Section        0  i2c.o(i.I2CMasterBusy)
    i.I2CMasterControl                       0x00005f0c   Section        0  i2c.o(i.I2CMasterControl)
    i.I2CMasterDataGet                       0x00005f10   Section        0  i2c.o(i.I2CMasterDataGet)
    i.I2CMasterDataPut                       0x00005f14   Section        0  i2c.o(i.I2CMasterDataPut)
    i.I2CMasterInitExpClk                    0x00005f18   Section        0  i2c.o(i.I2CMasterInitExpClk)
    i.I2CMasterSlaveAddrSet                  0x00005f6c   Section        0  i2c.o(i.I2CMasterSlaveAddrSet)
    i.IntEnable                              0x00005f74   Section        0  interrupt.o(i.IntEnable)
    i.IntMasterDisable                       0x00005fd8   Section        0  interrupt.o(i.IntMasterDisable)
    i.IntMasterEnable                        0x00005fe6   Section        0  interrupt.o(i.IntMasterEnable)
    i.IntPrioritySet                         0x00005ff4   Section        0  interrupt.o(i.IntPrioritySet)
    i.IntRegister                            0x0000601c   Section        0  interrupt.o(i.IntRegister)
    i.SysCtlClockSet                         0x00006050   Section        0  sysctl.o(i.SysCtlClockSet)
    i.SysCtlPeripheralEnable                 0x00006170   Section        0  sysctl.o(i.SysCtlPeripheralEnable)
    i.SysTickIntRegister                     0x00006198   Section        0  systick.o(i.SysTickIntRegister)
    i.TimerConfigure                         0x000061b0   Section        0  timer.o(i.TimerConfigure)
    i.TimerDisable                           0x00006210   Section        0  timer.o(i.TimerDisable)
    i.TimerEnable                            0x00006220   Section        0  timer.o(i.TimerEnable)
    i.TimerIntClear                          0x0000622e   Section        0  timer.o(i.TimerIntClear)
    i.TimerIntEnable                         0x00006232   Section        0  timer.o(i.TimerIntEnable)
    i.TimerLoadSet                           0x0000623a   Section        0  timer.o(i.TimerLoadSet)
    i.UARTCharGet                            0x0000624c   Section        0  uart.o(i.UARTCharGet)
    i.UARTCharPut                            0x00006258   Section        0  uart.o(i.UARTCharPut)
    i.UARTIntClear                           0x00006264   Section        0  uart.o(i.UARTIntClear)
    i.UARTIntRegister                        0x00006268   Section        0  uart.o(i.UARTIntRegister)
    i.UARTIntStatus                          0x000062c0   Section        0  uart.o(i.UARTIntStatus)
    i.__scatterload_copy                     0x000062ca   Section       14  handlers.o(i.__scatterload_copy)
    i.__scatterload_null                     0x000062d8   Section        2  handlers.o(i.__scatterload_null)
    i.__scatterload_zeroinit                 0x000062da   Section       14  handlers.o(i.__scatterload_zeroinit)
    .constdata                               0x000062e8   Section      522  ledbuffer.o(.constdata)
    .constdata                               0x000064f2   Section      256  os_core.o(.constdata)
    .constdata                               0x000065f4   Section      116  os_dbg.o(.constdata)
    .constdata                               0x00006668   Section      528  gpio.o(.constdata)
    g_ppui32GPIOIntMapBlizzard               0x00006668   Data         192  gpio.o(.constdata)
    g_ppui32GPIOIntMapSnowflake              0x00006728   Data         192  gpio.o(.constdata)
    g_pui32GPIOBaseAddrs                     0x000067e8   Data         144  gpio.o(.constdata)
    .constdata                               0x00006878   Section      268  interrupt.o(.constdata)
    g_pui32Priority                          0x00006878   Data          32  interrupt.o(.constdata)
    g_pui32Regs                              0x00006898   Data         156  interrupt.o(.constdata)
    g_pui32EnRegs                            0x00006934   Data          20  interrupt.o(.constdata)
    g_pui32Dii16Regs                         0x00006948   Data          20  interrupt.o(.constdata)
    g_pui32PendRegs                          0x0000695c   Data          20  interrupt.o(.constdata)
    g_pui32UnpendRegs                        0x00006970   Data          20  interrupt.o(.constdata)
    .constdata                               0x00006984   Section      128  uart.o(.constdata)
    g_ppui32UARTIntMap                       0x00006984   Data          64  uart.o(.constdata)
    g_ppui32UARTIntMapSnowflake              0x000069c4   Data          64  uart.o(.constdata)
    .data                                    0x20000000   Section       52  app_task.o(.data)
    pTxBuf                                   0x20000008   Data           4  app_task.o(.data)
    cmdRx                                    0x2000000c   Data           1  app_task.o(.data)
    err_uart                                 0x20000028   Data           1  app_task.o(.data)
    .data                                    0x20000034   Section        4  led.o(.data)
    eyeNum                                   0x20000034   Data           1  led.o(.data)
    numMem                                   0x20000035   Data           1  led.o(.data)
    i                                        0x20000036   Data           1  led.o(.data)
    state                                    0x20000037   Data           1  led.o(.data)
    .data                                    0x20000038   Section      824  ledbuffer.o(.data)
    .data                                    0x20000370   Section        9  keytouch.o(.data)
    keyFlag                                  0x20000370   Data           1  keytouch.o(.data)
    triger                                   0x20000371   Data           1  keytouch.o(.data)
    cont                                     0x20000372   Data           1  keytouch.o(.data)
    keyCountToOff                            0x20000373   Data           1  keytouch.o(.data)
    souRange                                 0x20000374   Data           1  keytouch.o(.data)
    souCount                                 0x20000376   Data           2  keytouch.o(.data)
    locationCount                            0x20000378   Data           1  keytouch.o(.data)
    .data                                    0x2000037a   Section       12  motor.o(.data)
    leftLimit                                0x2000037a   Data           1  motor.o(.data)
    rightLimit                               0x2000037b   Data           1  motor.o(.data)
    direction                                0x2000037c   Data           1  motor.o(.data)
    isMotorRun                               0x2000037d   Data           1  motor.o(.data)
    cmdPrio                                  0x2000037e   Data           1  motor.o(.data)
    headLocation                             0x20000380   Data           2  motor.o(.data)
    stepNum                                  0x20000382   Data           2  motor.o(.data)
    stepGiven                                0x20000384   Data           2  motor.o(.data)
    .data                                    0x20000388   Section       16  bluetooth.o(.data)
    sendDat                                  0x20000388   Data           1  bluetooth.o(.data)
    receDat                                  0x20000389   Data           1  bluetooth.o(.data)
    receLength                               0x20000390   Data           1  bluetooth.o(.data)
    rxTimeOut                                0x20000391   Data           1  bluetooth.o(.data)
    rxCount                                  0x20000392   Data           1  bluetooth.o(.data)
    uart1State                               0x20000394   Data           4  bluetooth.o(.data)
    .data                                    0x20000398   Section        8  all_init.o(.data)
    .data                                    0x200003a0   Section       23  i2c_vl53l0x.o(.data)
    NEAE_OR_FAR                              0x200003a9   Data           1  i2c_vl53l0x.o(.data)
    rightCount                               0x200003b4   Data           1  i2c_vl53l0x.o(.data)
    rightCount2                              0x200003b5   Data           1  i2c_vl53l0x.o(.data)
    sendCount                                0x200003b6   Data           1  i2c_vl53l0x.o(.data)
    .data                                    0x200003b8   Section       20  api_mem.o(.data)
    .data                                    0x200003cc   Section       80  os_core.o(.data)
    .data                                    0x2000041c   Section        4  os_cpu_c.o(.data)
    vtable                                   0x20000800   Section      620  interrupt.o(vtable)
    g_pfnRAMVectors                          0x20000800   Data         620  interrupt.o(vtable)
    .bss                                     0x20000a6c   Section     2208  app_task.o(.bss)
    LED_Task_Stk                             0x20000b6c   Data         256  app_task.o(.bss)
    messageDealStk                           0x20000c6c   Data         256  app_task.o(.bss)
    motorControlStk                          0x20000d6c   Data         256  app_task.o(.bss)
    distanceStk                              0x20000e6c   Data         256  app_task.o(.bss)
    keyDealStk                               0x20000f6c   Data         256  app_task.o(.bss)
    threeLedStk                              0x2000106c   Data         256  app_task.o(.bss)
    controlCenter                            0x2000116c   Data         256  app_task.o(.bss)
    .bss                                     0x2000130c   Section       16  i2c_vl53l0x.o(.bss)
    .bss                                     0x2000131c   Section    21180  api_mem.o(.bss)
    .bss                                     0x200065d8   Section     3992  os_core.o(.bss)
    .bss                                     0x20007570   Section      512  os_cpu_c.o(.bss)
    STACK                                    0x20007770   Section      256  startup_tm4c123.o(STACK)

    Global Symbols

    Symbol Name                              Value     Ov Type        Size  Object(Section)

    BuildAttributes$$THM_ISAv4$E$P$D$K$B$S$7EM$VFPi3$EXTD16$VFPS$VFMA$PE$A:L22UL41UL21$X:L11$S22US41US21$IEEE1$IW$USESV6$~STKCKD$USESV7$~SHL$OTIME$EBA8$MICROLIB$REQ8$PRES8$EABIv2 0x00000000   Number         0  anon$$obj.o ABSOLUTE
    __ARM_use_no_argv                        0x00000000   Number         0  app.o ABSOLUTE
    __Vectors                                0x00000000   Data           0  startup_tm4c123.o(RESET)
    __cpp_initialize__aeabi_                  - Undefined Weak Reference
    __cxa_finalize                            - Undefined Weak Reference
    _clock_init                               - Undefined Weak Reference
    _microlib_exit                            - Undefined Weak Reference
    Reset_Handler                            0x0000026d   Thumb Code     0  startup_tm4c123.o(RESET)
    __main                                   0x00000289   Thumb Code     0  entry.o(.ARM.Collect$$$$00000000)
    _main_stk                                0x00000289   Thumb Code     0  entry2.o(.ARM.Collect$$$$00000001)
    _main_scatterload                        0x0000028d   Thumb Code     0  entry5.o(.ARM.Collect$$$$00000004)
    __main_after_scatterload                 0x00000291   Thumb Code     0  entry5.o(.ARM.Collect$$$$00000004)
    _main_clock                              0x00000291   Thumb Code     0  entry7b.o(.ARM.Collect$$$$00000008)
    _main_cpp_init                           0x00000291   Thumb Code     0  entry8b.o(.ARM.Collect$$$$0000000A)
    _main_init                               0x00000291   Thumb Code     0  entry9a.o(.ARM.Collect$$$$0000000B)
    __rt_final_cpp                           0x00000299   Thumb Code     0  entry10a.o(.ARM.Collect$$$$0000000D)
    __rt_final_exit                          0x00000299   Thumb Code     0  entry11a.o(.ARM.Collect$$$$0000000F)
    SysCtlDelay                              0x0000029d   Thumb Code     6  sysctl.o(.emb_text)
    CPUcpsid                                 0x000002a5   Thumb Code     8  cpu.o(.emb_text)
    CPUprimask                               0x000002ad   Thumb Code     6  cpu.o(.emb_text)
    CPUcpsie                                 0x000002b3   Thumb Code     8  cpu.o(.emb_text)
    CPUwfi                                   0x000002bb   Thumb Code     4  cpu.o(.emb_text)
    CPUbasepriSet                            0x000002bf   Thumb Code     6  cpu.o(.emb_text)
    CPUbasepriGet                            0x000002c5   Thumb Code     6  cpu.o(.emb_text)
    main                                     0x000002cd   Thumb Code    48  app.o(.text)
    App_TaskCreateHook                       0x00000305   Thumb Code     2  app_hooks.o(.text)
    App_TaskDelHook                          0x00000307   Thumb Code     2  app_hooks.o(.text)
    App_TaskIdleHook                         0x00000309   Thumb Code     2  app_hooks.o(.text)
    App_TaskStatHook                         0x0000030b   Thumb Code     2  app_hooks.o(.text)
    App_TaskReturnHook                       0x0000030d   Thumb Code     2  app_hooks.o(.text)
    App_TaskSwHook                           0x0000030f   Thumb Code     2  app_hooks.o(.text)
    App_TCBInitHook                          0x00000311   Thumb Code     2  app_hooks.o(.text)
    App_TimeTickHook                         0x00000313   Thumb Code     2  app_hooks.o(.text)
    Start_Task                               0x000004b5   Thumb Code   170  app_task.o(.text)
    EyeControl                               0x00000b9b   Thumb Code   110  led.o(.text)
    ThreeLedDeal                             0x00000c09   Thumb Code   508  led.o(.text)
    SendSound                                0x00000ef3   Thumb Code   112  keytouch.o(.text)
    KeyDeal                                  0x00001171   Thumb Code    16  keytouch.o(.text)
    MotorControl                             0x0000150d   Thumb Code    44  motor.o(.text)
    MotorMove                                0x0000154f   Thumb Code  1274  motor.o(.text)
    TIMER0A_Handler                          0x00001a49   Thumb Code    58  motor.o(.text)
    BlueTooth_Handler                        0x00001aa9   Thumb Code   272  bluetooth.o(.text)
    UART1_Init                               0x00001bb9   Thumb Code   146  bluetooth.o(.text)
    UART1SendByte                            0x00001c4b   Thumb Code    72  bluetooth.o(.text)
    UART1SendDatas                           0x00001c93   Thumb Code   104  bluetooth.o(.text)
    TIMER2A_Handler                          0x00001cfb   Thumb Code    66  bluetooth.o(.text)
    CheckOut                                 0x00001d81   Thumb Code    46  alldata_deal.o(.text)
    BufferInCheck                            0x00001daf   Thumb Code    38  alldata_deal.o(.text)
    Replay55Cmd                              0x00001dd5   Thumb Code    34  alldata_deal.o(.text)
    GPIO_Init                                0x00001df9   Thumb Code   394  all_init.o(.text)
    GLO_VAR_Init                             0x00001f83   Thumb Code    14  all_init.o(.text)
    ALL_Init                                 0x00001f91   Thumb Code    24  all_init.o(.text)
    I2C0_init                                0x00001fc9   Thumb Code    92  i2c_3731.o(.text)
    I2C3_init                                0x00002025   Thumb Code   116  i2c_3731.o(.text)
    WaitI2C0Finished                         0x00002099   Thumb Code    30  i2c_3731.o(.text)
    WaitI2C3Finished                         0x000020b7   Thumb Code    30  i2c_3731.o(.text)
    I2C0_Byte_Write                          0x000020d5   Thumb Code    76  i2c_3731.o(.text)
    I2C3_Byte_Write                          0x00002121   Thumb Code    76  i2c_3731.o(.text)
    FL3731_L_Init                            0x0000216d   Thumb Code    78  i2c_3731.o(.text)
    FL3731_R_Init                            0x000021bb   Thumb Code    78  i2c_3731.o(.text)
    EyeInit                                  0x00002209   Thumb Code    20  i2c_3731.o(.text)
    I2C1_init                                0x00002241   Thumb Code    86  i2c_vl53l0x.o(.text)
    WaitI2C1Finished                         0x00002297   Thumb Code    30  i2c_vl53l0x.o(.text)
    makeuint16                               0x000022b5   Thumb Code    12  i2c_vl53l0x.o(.text)
    read_block_data_at                       0x000022c1   Thumb Code   118  i2c_vl53l0x.o(.text)
    read_byte_data_at                        0x00002337   Thumb Code    68  i2c_vl53l0x.o(.text)
    write_byte_data_at                       0x0000237b   Thumb Code    58  i2c_vl53l0x.o(.text)
    DistanceMeasure                          0x000023b5   Thumb Code   446  i2c_vl53l0x.o(.text)
    bswap                                    0x00002573   Thumb Code    12  i2c_vl53l0x.o(.text)
    write_byte_data                          0x0000257f   Thumb Code    36  i2c_vl53l0x.o(.text)
    write_word_data_at                       0x000025a3   Thumb Code    86  i2c_vl53l0x.o(.text)
    read_byte_data                           0x000025f9   Thumb Code    32  i2c_vl53l0x.o(.text)
    read_word_data_at                        0x00002619   Thumb Code   162  i2c_vl53l0x.o(.text)
    VL53L0X_decode_vcsel_period              0x000026bb   Thumb Code    14  i2c_vl53l0x.o(.text)
    CPUCLK_Init                              0x000026d1   Thumb Code    10  timer.o(.text)
    SYSTICK_Init                             0x000026db   Thumb Code    48  timer.o(.text)
    MortorTimerInit                          0x0000270b   Thumb Code    84  timer.o(.text)
    TIMER_Init                               0x0000275f   Thumb Code    78  timer.o(.text)
    Store_Init                               0x000027c1   Thumb Code    54  mem_store.o(.text)
    Store_Delete                             0x000027f7   Thumb Code    40  mem_store.o(.text)
    Store_Clear                              0x0000281f   Thumb Code    18  mem_store.o(.text)
    Store_Push                               0x00002831   Thumb Code    38  mem_store.o(.text)
    Store_Pop                                0x00002857   Thumb Code    36  mem_store.o(.text)
    Store_Getlength                          0x0000287b   Thumb Code    14  mem_store.o(.text)
    Store_Getdates                           0x00002889   Thumb Code    64  mem_store.o(.text)
    Cir_Queue_Init                           0x000028c9   Thumb Code    56  mem_q.o(.text)
    CirQ_Delete                              0x00002901   Thumb Code    40  mem_q.o(.text)
    CirQ_Clear                               0x00002929   Thumb Code    22  mem_q.o(.text)
    CirQ_GetLength                           0x0000293f   Thumb Code    14  mem_q.o(.text)
    CirQ_Pop                                 0x0000294d   Thumb Code    54  mem_q.o(.text)
    CirQ_OnePush                             0x00002983   Thumb Code    56  mem_q.o(.text)
    CirQ_Pushs                               0x000029bb   Thumb Code   142  mem_q.o(.text)
    Mem_malloc                               0x00002a49   Thumb Code   170  api_mem.o(.text)
    Mem_free                                 0x00002af3   Thumb Code   108  api_mem.o(.text)
    MemBuf_Init                              0x00002b5f   Thumb Code   150  api_mem.o(.text)
    OS_StrLen                                0x00002c1d   Thumb Code    20  os_core.o(.text)
    OSEventNameGet                           0x00002c31   Thumb Code    98  os_core.o(.text)
    OSEventNameSet                           0x00002c93   Thumb Code    84  os_core.o(.text)
    OS_EventTaskRemoveMulti                  0x00002ce7   Thumb Code    60  os_core.o(.text)
    OS_Sched                                 0x00002d3d   Thumb Code    88  os_core.o(.text)
    OS_EventTaskWaitMulti                    0x00002d95   Thumb Code   136  os_core.o(.text)
    OSEventPendMulti                         0x00002e1d   Thumb Code   692  os_core.o(.text)
    OS_TaskStat                              0x000030d1   Thumb Code   136  os_core.o(.text)
    OS_TaskIdle                              0x00003175   Thumb Code    34  os_core.o(.text)
    OS_MemClr                                0x000031b3   Thumb Code    18  os_core.o(.text)
    OSInit                                   0x000032d3   Thumb Code    52  os_core.o(.text)
    OSIntEnter                               0x00003307   Thumb Code    28  os_core.o(.text)
    OSIntExit                                0x00003323   Thumb Code   112  os_core.o(.text)
    OSSchedLock                              0x00003393   Thumb Code    50  os_core.o(.text)
    OSSchedUnlock                            0x000033c5   Thumb Code    82  os_core.o(.text)
    OSStart                                  0x00003417   Thumb Code   190  os_core.o(.text)
    OSStatInit                               0x000034d5   Thumb Code    62  os_core.o(.text)
    OSTimeTick                               0x00003513   Thumb Code   218  os_core.o(.text)
    OSVersion                                0x000035ed   Thumb Code     6  os_core.o(.text)
    OS_Dummy                                 0x000035f3   Thumb Code     2  os_core.o(.text)
    OS_EventTaskRemove                       0x000035f5   Thumb Code    46  os_core.o(.text)
    OS_EventTaskRdy                          0x00003623   Thumb Code   132  os_core.o(.text)
    OS_EventTaskWait                         0x000036a7   Thumb Code   112  os_core.o(.text)
    OS_EventWaitListInit                     0x00003717   Thumb Code    28  os_core.o(.text)
    OS_MemCopy                               0x00003733   Thumb Code    20  os_core.o(.text)
    OS_TCBInit                               0x00003747   Thumb Code   298  os_core.o(.text)
    OSFlagAccept                             0x000038a9   Thumb Code   252  os_flag.o(.text)
    OSFlagCreate                             0x000039a5   Thumb Code    86  os_flag.o(.text)
    OS_FlagUnlink                            0x000039fb   Thumb Code    36  os_flag.o(.text)
    OSFlagDel                                0x00003a81   Thumb Code   216  os_flag.o(.text)
    OSFlagNameGet                            0x00003b59   Thumb Code    80  os_flag.o(.text)
    OSFlagNameSet                            0x00003ba9   Thumb Code    66  os_flag.o(.text)
    OSFlagPend                               0x00003c83   Thumb Code   614  os_flag.o(.text)
    OSFlagPendGetFlagsRdy                    0x00003ee9   Thumb Code    26  os_flag.o(.text)
    OSFlagPost                               0x00003f03   Thumb Code   320  os_flag.o(.text)
    OSFlagQuery                              0x00004043   Thumb Code    48  os_flag.o(.text)
    OS_FlagInit                              0x00004073   Thumb Code    78  os_flag.o(.text)
    OSMboxAccept                             0x000040cd   Thumb Code    38  os_mbox.o(.text)
    OSMboxCreate                             0x000040f3   Thumb Code    72  os_mbox.o(.text)
    OSMboxDel                                0x0000413b   Thumb Code   210  os_mbox.o(.text)
    OSMboxPend                               0x0000420d   Thumb Code   252  os_mbox.o(.text)
    OSMboxPendAbort                          0x00004309   Thumb Code   128  os_mbox.o(.text)
    OSMboxPost                               0x00004389   Thumb Code    80  os_mbox.o(.text)
    OSMboxPostOpt                            0x000043d9   Thumb Code   120  os_mbox.o(.text)
    OSMboxQuery                              0x00004451   Thumb Code    76  os_mbox.o(.text)
    OSMemCreate                              0x000044b1   Thumb Code   118  os_mem.o(.text)
    OSMemGet                                 0x00004527   Thumb Code    62  os_mem.o(.text)
    OSMemNameGet                             0x00004565   Thumb Code    60  os_mem.o(.text)
    OSMemNameSet                             0x000045a1   Thumb Code    48  os_mem.o(.text)
    OSMemPut                                 0x000045d1   Thumb Code    54  os_mem.o(.text)
    OSMemQuery                               0x00004607   Thumb Code    52  os_mem.o(.text)
    OS_MemInit                               0x0000463b   Thumb Code    74  os_mem.o(.text)
    OSQAccept                                0x00004695   Thumb Code    88  os_q.o(.text)
    OSQCreate                                0x000046ed   Thumb Code   144  os_q.o(.text)
    OSQDel                                   0x0000477d   Thumb Code   244  os_q.o(.text)
    OSQFlush                                 0x00004871   Thumb Code    36  os_q.o(.text)
    OSQPend                                  0x00004895   Thumb Code   278  os_q.o(.text)
    OSQPendAbort                             0x000049ab   Thumb Code   128  os_q.o(.text)
    OSQPost                                  0x00004a2b   Thumb Code   114  os_q.o(.text)
    OSQPostFront                             0x00004a9d   Thumb Code   142  os_q.o(.text)
    OSQPostOpt                               0x00004b2b   Thumb Code   182  os_q.o(.text)
    OSQQuery                                 0x00004be1   Thumb Code    98  os_q.o(.text)
    OS_QInit                                 0x00004c43   Thumb Code    72  os_q.o(.text)
    OSSemAccept                              0x00004c95   Thumb Code    42  os_sem.o(.text)
    OSSemCreate                              0x00004cbf   Thumb Code    72  os_sem.o(.text)
    OSSemDel                                 0x00004d07   Thumb Code   210  os_sem.o(.text)
    OSSemPend                                0x00004dd9   Thumb Code   228  os_sem.o(.text)
    OSSemPendAbort                           0x00004ebd   Thumb Code   128  os_sem.o(.text)
    OSSemPost                                0x00004f3d   Thumb Code    88  os_sem.o(.text)
    OSSemQuery                               0x00004f95   Thumb Code    76  os_sem.o(.text)
    OSSemSet                                 0x00004fe1   Thumb Code    66  os_sem.o(.text)
    OSTaskChangePrio                         0x00005039   Thumb Code   396  os_task.o(.text)
    OSTaskCreate                             0x000051c5   Thumb Code   148  os_task.o(.text)
    OSTaskDel                                0x00005259   Thumb Code   306  os_task.o(.text)
    OSTaskDelReq                             0x0000538b   Thumb Code   100  os_task.o(.text)
    OSTaskNameGet                            0x000053ef   Thumb Code   158  os_task.o(.text)
    OSTaskNameSet                            0x0000548d   Thumb Code    98  os_task.o(.text)
    OSTaskResume                             0x000054ef   Thumb Code   160  os_task.o(.text)
    OSTaskSuspend                            0x0000558f   Thumb Code   152  os_task.o(.text)
    OSTaskQuery                              0x00005627   Thumb Code    82  os_task.o(.text)
    OSTaskRegGet                             0x00005679   Thumb Code    60  os_task.o(.text)
    OSTaskRegGetID                           0x000056b5   Thumb Code    58  os_task.o(.text)
    OSTaskRegSet                             0x000056ef   Thumb Code    62  os_task.o(.text)
    OS_TaskReturn                            0x0000572d   Thumb Code    18  os_task.o(.text)
    OSTimeDly                                0x0000575d   Thumb Code   100  os_time.o(.text)
    OSTimeDlyHMSM                            0x000057c1   Thumb Code    86  os_time.o(.text)
    OSTimeDlyResume                          0x00005817   Thumb Code   176  os_time.o(.text)
    OSTimeGet                                0x000058c7   Thumb Code    24  os_time.o(.text)
    OSTimeSet                                0x000058df   Thumb Code    24  os_time.o(.text)
    OSInitHookBegin                          0x00005915   Thumb Code    34  os_cpu_c.o(.text)
    OSInitHookEnd                            0x00005937   Thumb Code     2  os_cpu_c.o(.text)
    OSTaskCreateHook                         0x00005939   Thumb Code    12  os_cpu_c.o(.text)
    OSTaskDelHook                            0x00005945   Thumb Code    12  os_cpu_c.o(.text)
    OSTaskIdleHook                           0x00005951   Thumb Code     8  os_cpu_c.o(.text)
    OSTaskReturnHook                         0x00005959   Thumb Code    12  os_cpu_c.o(.text)
    OSTaskStatHook                           0x00005965   Thumb Code     8  os_cpu_c.o(.text)
    OSTaskStkInit                            0x0000596d   Thumb Code   160  os_cpu_c.o(.text)
    OSTaskSwHook                             0x00005a0d   Thumb Code     8  os_cpu_c.o(.text)
    OSTCBInitHook                            0x00005a15   Thumb Code    12  os_cpu_c.o(.text)
    OSTimeTickHook                           0x00005a21   Thumb Code     8  os_cpu_c.o(.text)
    OS_CPU_SysTickHandler                    0x00005a29   Thumb Code    28  os_cpu_c.o(.text)
    OS_CPU_SysTickInit                       0x00005a45   Thumb Code    44  os_cpu_c.o(.text)
    OS_CPU_FP_Reg_Push                       0x00005a85   Thumb Code     0  os_cpu_a.o(.text)
    OS_CPU_FP_Reg_Pop                        0x00005a9f   Thumb Code     0  os_cpu_a.o(.text)
    OS_CPU_SR_Save                           0x00005ab1   Thumb Code     0  os_cpu_a.o(.text)
    OS_CPU_SR_Restore                        0x00005ab9   Thumb Code     0  os_cpu_a.o(.text)
    OSStartHighRdy                           0x00005abf   Thumb Code     0  os_cpu_a.o(.text)
    OSCtxSw                                  0x00005ae7   Thumb Code     0  os_cpu_a.o(.text)
    OSIntCtxSw                               0x00005af1   Thumb Code     0  os_cpu_a.o(.text)
    OS_CPU_PendSVHandler                     0x00005afb   Thumb Code     0  os_cpu_a.o(.text)
    OSDebugInit                              0x00005b61   Thumb Code    96  os_dbg.o(.text)
    __aeabi_memcpy                           0x00005c79   Thumb Code    36  memcpya.o(.text)
    __aeabi_memcpy4                          0x00005c79   Thumb Code     0  memcpya.o(.text)
    __aeabi_memcpy8                          0x00005c79   Thumb Code     0  memcpya.o(.text)
    __scatterload                            0x00005c9d   Thumb Code    28  init.o(.text)
    __scatterload_rt2                        0x00005c9d   Thumb Code     0  init.o(.text)
    __decompress                             0x00005cc1   Thumb Code     0  __dczerorl2.o(.text)
    __decompress1                            0x00005cc1   Thumb Code    92  __dczerorl2.o(.text)
    GPIODirModeSet                           0x00005d1d   Thumb Code    40  gpio.o(i.GPIODirModeSet)
    GPIOPadConfigSet                         0x00005d45   Thumb Code   314  gpio.o(i.GPIOPadConfigSet)
    GPIOPinConfigure                         0x00005e81   Thumb Code    64  gpio.o(i.GPIOPinConfigure)
    GPIOPinTypeI2C                           0x00005ec9   Thumb Code    28  gpio.o(i.GPIOPinTypeI2C)
    GPIOPinTypeI2CSCL                        0x00005ee5   Thumb Code    28  gpio.o(i.GPIOPinTypeI2CSCL)
    I2CMasterBusy                            0x00005f01   Thumb Code    12  i2c.o(i.I2CMasterBusy)
    I2CMasterControl                         0x00005f0d   Thumb Code     4  i2c.o(i.I2CMasterControl)
    I2CMasterDataGet                         0x00005f11   Thumb Code     4  i2c.o(i.I2CMasterDataGet)
    I2CMasterDataPut                         0x00005f15   Thumb Code     4  i2c.o(i.I2CMasterDataPut)
    I2CMasterInitExpClk                      0x00005f19   Thumb Code    72  i2c.o(i.I2CMasterInitExpClk)
    I2CMasterSlaveAddrSet                    0x00005f6d   Thumb Code     8  i2c.o(i.I2CMasterSlaveAddrSet)
    IntEnable                                0x00005f75   Thumb Code    92  interrupt.o(i.IntEnable)
    IntMasterDisable                         0x00005fd9   Thumb Code    14  interrupt.o(i.IntMasterDisable)
    IntMasterEnable                          0x00005fe7   Thumb Code    14  interrupt.o(i.IntMasterEnable)
    IntPrioritySet                           0x00005ff5   Thumb Code    36  interrupt.o(i.IntPrioritySet)
    IntRegister                              0x0000601d   Thumb Code    44  interrupt.o(i.IntRegister)
    SysCtlClockSet                           0x00006051   Thumb Code   270  sysctl.o(i.SysCtlClockSet)
    SysCtlPeripheralEnable                   0x00006171   Thumb Code    36  sysctl.o(i.SysCtlPeripheralEnable)
    SysTickIntRegister                       0x00006199   Thumb Code    24  systick.o(i.SysTickIntRegister)
    TimerConfigure                           0x000061b1   Thumb Code    88  timer.o(i.TimerConfigure)
    TimerDisable                             0x00006211   Thumb Code    16  timer.o(i.TimerDisable)
    TimerEnable                              0x00006221   Thumb Code    14  timer.o(i.TimerEnable)
    TimerIntClear                            0x0000622f   Thumb Code     4  timer.o(i.TimerIntClear)
    TimerIntEnable                           0x00006233   Thumb Code     8  timer.o(i.TimerIntEnable)
    TimerLoadSet                             0x0000623b   Thumb Code    18  timer.o(i.TimerLoadSet)
    UARTCharGet                              0x0000624d   Thumb Code    12  uart.o(i.UARTCharGet)
    UARTCharPut                              0x00006259   Thumb Code    12  uart.o(i.UARTCharPut)
    UARTIntClear                             0x00006265   Thumb Code     4  uart.o(i.UARTIntClear)
    UARTIntRegister                          0x00006269   Thumb Code    70  uart.o(i.UARTIntRegister)
    UARTIntStatus                            0x000062c1   Thumb Code    10  uart.o(i.UARTIntStatus)
    __scatterload_copy                       0x000062cb   Thumb Code    14  handlers.o(i.__scatterload_copy)
    __scatterload_null                       0x000062d9   Thumb Code     2  handlers.o(i.__scatterload_null)
    __scatterload_zeroinit                   0x000062db   Thumb Code    14  handlers.o(i.__scatterload_zeroinit)
    right_Eyes                               0x000062e8   Data         125  ledbuffer.o(.constdata)
    ledIndex                                 0x00006365   Data         125  ledbuffer.o(.constdata)
    led_OFF                                  0x000063e2   Data          16  ledbuffer.o(.constdata)
    led_ON                                   0x000063f2   Data          16  ledbuffer.o(.constdata)
    ledRight1_0                              0x00006402   Data          16  ledbuffer.o(.constdata)
    ledRight1_1                              0x00006412   Data          16  ledbuffer.o(.constdata)
    ledRight1_2                              0x00006422   Data          16  ledbuffer.o(.constdata)
    ledRight1_3                              0x00006432   Data          16  ledbuffer.o(.constdata)
    ledRight1_4                              0x00006442   Data          16  ledbuffer.o(.constdata)
    ledRight2_0                              0x00006452   Data          16  ledbuffer.o(.constdata)
    ledRight2_1                              0x00006462   Data          16  ledbuffer.o(.constdata)
    ledRight2_2                              0x00006472   Data          16  ledbuffer.o(.constdata)
    ledLeft2_0                               0x00006482   Data          16  ledbuffer.o(.constdata)
    ledLeft2_1                               0x00006492   Data          16  ledbuffer.o(.constdata)
    ledLeft2_2                               0x000064a2   Data          16  ledbuffer.o(.constdata)
    ledRight3_0                              0x000064b2   Data          16  ledbuffer.o(.constdata)
    ledRight3_1                              0x000064c2   Data          16  ledbuffer.o(.constdata)
    ledLeft3_0                               0x000064d2   Data          16  ledbuffer.o(.constdata)
    ledLeft3_1                               0x000064e2   Data          16  ledbuffer.o(.constdata)
    OSUnMapTbl                               0x000064f2   Data         256  os_core.o(.constdata)
    OSDebugEn                                0x000065f4   Data           2  os_dbg.o(.constdata)
    OSEndiannessTest                         0x000065f8   Data           4  os_dbg.o(.constdata)
    OSEventEn                                0x000065fc   Data           2  os_dbg.o(.constdata)
    OSEventMax                               0x000065fe   Data           2  os_dbg.o(.constdata)
    OSEventNameEn                            0x00006600   Data           2  os_dbg.o(.constdata)
    OSEventSize                              0x00006602   Data           2  os_dbg.o(.constdata)
    OSEventTblSize                           0x00006604   Data           2  os_dbg.o(.constdata)
    OSEventMultiEn                           0x00006606   Data           2  os_dbg.o(.constdata)
    OSFlagEn                                 0x00006608   Data           2  os_dbg.o(.constdata)
    OSFlagGrpSize                            0x0000660a   Data           2  os_dbg.o(.constdata)
    OSFlagNodeSize                           0x0000660c   Data           2  os_dbg.o(.constdata)
    OSFlagWidth                              0x0000660e   Data           2  os_dbg.o(.constdata)
    OSFlagMax                                0x00006610   Data           2  os_dbg.o(.constdata)
    OSFlagNameEn                             0x00006612   Data           2  os_dbg.o(.constdata)
    OSLowestPrio                             0x00006614   Data           2  os_dbg.o(.constdata)
    OSMboxEn                                 0x00006616   Data           2  os_dbg.o(.constdata)
    OSMemEn                                  0x00006618   Data           2  os_dbg.o(.constdata)
    OSMemMax                                 0x0000661a   Data           2  os_dbg.o(.constdata)
    OSMemNameEn                              0x0000661c   Data           2  os_dbg.o(.constdata)
    OSMemSize                                0x0000661e   Data           2  os_dbg.o(.constdata)
    OSMemTblSize                             0x00006620   Data           2  os_dbg.o(.constdata)
    OSMutexEn                                0x00006622   Data           2  os_dbg.o(.constdata)
    OSPtrSize                                0x00006624   Data           2  os_dbg.o(.constdata)
    OSQEn                                    0x00006626   Data           2  os_dbg.o(.constdata)
    OSQMax                                   0x00006628   Data           2  os_dbg.o(.constdata)
    OSQSize                                  0x0000662a   Data           2  os_dbg.o(.constdata)
    OSRdyTblSize                             0x0000662c   Data           2  os_dbg.o(.constdata)
    OSSemEn                                  0x0000662e   Data           2  os_dbg.o(.constdata)
    OSStkWidth                               0x00006630   Data           2  os_dbg.o(.constdata)
    OSTaskCreateEn                           0x00006632   Data           2  os_dbg.o(.constdata)
    OSTaskCreateExtEn                        0x00006634   Data           2  os_dbg.o(.constdata)
    OSTaskDelEn                              0x00006636   Data           2  os_dbg.o(.constdata)
    OSTaskIdleStkSize                        0x00006638   Data           2  os_dbg.o(.constdata)
    OSTaskProfileEn                          0x0000663a   Data           2  os_dbg.o(.constdata)
    OSTaskMax                                0x0000663c   Data           2  os_dbg.o(.constdata)
    OSTaskNameEn                             0x0000663e   Data           2  os_dbg.o(.constdata)
    OSTaskStatEn                             0x00006640   Data           2  os_dbg.o(.constdata)
    OSTaskStatStkSize                        0x00006642   Data           2  os_dbg.o(.constdata)
    OSTaskStatStkChkEn                       0x00006644   Data           2  os_dbg.o(.constdata)
    OSTaskSwHookEn                           0x00006646   Data           2  os_dbg.o(.constdata)
    OSTaskRegTblSize                         0x00006648   Data           2  os_dbg.o(.constdata)
    OSTCBPrioTblMax                          0x0000664a   Data           2  os_dbg.o(.constdata)
    OSTCBSize                                0x0000664c   Data           2  os_dbg.o(.constdata)
    OSTicksPerSec                            0x0000664e   Data           2  os_dbg.o(.constdata)
    OSTimeTickHookEn                         0x00006650   Data           2  os_dbg.o(.constdata)
    OSVersionNbr                             0x00006652   Data           2  os_dbg.o(.constdata)
    OSTmrEn                                  0x00006654   Data           2  os_dbg.o(.constdata)
    OSTmrCfgMax                              0x00006656   Data           2  os_dbg.o(.constdata)
    OSTmrCfgNameEn                           0x00006658   Data           2  os_dbg.o(.constdata)
    OSTmrCfgWheelSize                        0x0000665a   Data           2  os_dbg.o(.constdata)
    OSTmrCfgTicksPerSec                      0x0000665c   Data           2  os_dbg.o(.constdata)
    OSTmrSize                                0x0000665e   Data           2  os_dbg.o(.constdata)
    OSTmrTblSize                             0x00006660   Data           2  os_dbg.o(.constdata)
    OSTmrWheelSize                           0x00006662   Data           2  os_dbg.o(.constdata)
    OSTmrWheelTblSize                        0x00006664   Data           2  os_dbg.o(.constdata)
    OSDataSize                               0x00006666   Data           2  os_dbg.o(.constdata)
    Region$$Table$$Base                      0x00006a04   Number         0  anon$$obj.o(Region$$Table)
    Region$$Table$$Limit                     0x00006a24   Number         0  anon$$obj.o(Region$$Table)
    tim                                      0x20000000   Data           2  app_task.o(.data)
    pMotorBuffer                             0x20000004   Data           4  app_task.o(.data)
    distSem                                  0x20000010   Data           4  app_task.o(.data)
    soundSem                                 0x20000014   Data           4  app_task.o(.data)
    threeLed_Box                             0x20000018   Data           4  app_task.o(.data)
    UART1_Q_Rx                               0x2000001c   Data           4  app_task.o(.data)
    motor_Q                                  0x20000020   Data           4  app_task.o(.data)
    led61Cmd_Q                               0x20000024   Data           4  app_task.o(.data)
    UART1_Tx_Buf                             0x2000002c   Data           4  app_task.o(.data)
    UART1_Rx_Buf                             0x20000030   Data           4  app_task.o(.data)
    ledRightBuffer                           0x20000038   Data         168  ledbuffer.o(.data)
    center0                                  0x200000e0   Data          16  ledbuffer.o(.data)
    centerr0                                 0x200000f0   Data          16  ledbuffer.o(.data)
    centerr1                                 0x20000100   Data          16  ledbuffer.o(.data)
    centerr2                                 0x20000110   Data          16  ledbuffer.o(.data)
    centerr3                                 0x20000120   Data          16  ledbuffer.o(.data)
    centerr4                                 0x20000130   Data          16  ledbuffer.o(.data)
    centerr5                                 0x20000140   Data          16  ledbuffer.o(.data)
    centerr6                                 0x20000150   Data          16  ledbuffer.o(.data)
    centerr7                                 0x20000160   Data          16  ledbuffer.o(.data)
    right1                                   0x20000170   Data          16  ledbuffer.o(.data)
    right2                                   0x20000180   Data          16  ledbuffer.o(.data)
    right3                                   0x20000190   Data          16  ledbuffer.o(.data)
    right4                                   0x200001a0   Data          16  ledbuffer.o(.data)
    right5                                   0x200001b0   Data          16  ledbuffer.o(.data)
    right6                                   0x200001c0   Data          16  ledbuffer.o(.data)
    right7                                   0x200001d0   Data          16  ledbuffer.o(.data)
    right8                                   0x200001e0   Data          16  ledbuffer.o(.data)
    centerl0                                 0x200001f0   Data          16  ledbuffer.o(.data)
    centerl1                                 0x20000200   Data          16  ledbuffer.o(.data)
    centerl2                                 0x20000210   Data          16  ledbuffer.o(.data)
    centerl3                                 0x20000220   Data          16  ledbuffer.o(.data)
    centerl4                                 0x20000230   Data          16  ledbuffer.o(.data)
    centerl5                                 0x20000240   Data          16  ledbuffer.o(.data)
    centerl6                                 0x20000250   Data          16  ledbuffer.o(.data)
    centerl7                                 0x20000260   Data          16  ledbuffer.o(.data)
    left1                                    0x20000270   Data          16  ledbuffer.o(.data)
    left2                                    0x20000280   Data          16  ledbuffer.o(.data)
    left3                                    0x20000290   Data          16  ledbuffer.o(.data)
    left4                                    0x200002a0   Data          16  ledbuffer.o(.data)
    left5                                    0x200002b0   Data          16  ledbuffer.o(.data)
    left6                                    0x200002c0   Data          16  ledbuffer.o(.data)
    left7                                    0x200002d0   Data          16  ledbuffer.o(.data)
    left8                                    0x200002e0   Data          16  ledbuffer.o(.data)
    right9                                   0x200002f0   Data          16  ledbuffer.o(.data)
    right10                                  0x20000300   Data          16  ledbuffer.o(.data)
    right11                                  0x20000310   Data          16  ledbuffer.o(.data)
    right12                                  0x20000320   Data          16  ledbuffer.o(.data)
    left9                                    0x20000330   Data          16  ledbuffer.o(.data)
    left10                                   0x20000340   Data          16  ledbuffer.o(.data)
    left11                                   0x20000350   Data          16  ledbuffer.o(.data)
    left12                                   0x20000360   Data          16  ledbuffer.o(.data)
    pRx_Buf                                  0x2000038c   Data           4  bluetooth.o(.data)
    Flagbits                                 0x20000398   Data           8  all_init.o(.data)
    acnt                                     0x200003a0   Data           2  i2c_vl53l0x.o(.data)
    scnt                                     0x200003a2   Data           2  i2c_vl53l0x.o(.data)
    dist                                     0x200003a4   Data           2  i2c_vl53l0x.o(.data)
    val1                                     0x200003a6   Data           1  i2c_vl53l0x.o(.data)
    DeviceRangeStatusInternal                0x200003a7   Data           1  i2c_vl53l0x.o(.data)
    val                                      0x200003a8   Data           1  i2c_vl53l0x.o(.data)
    disBuff                                  0x200003aa   Data          10  i2c_vl53l0x.o(.data)
    pMemBuf_16B                              0x200003b8   Data           4  api_mem.o(.data)
    pMemBuf_32B                              0x200003bc   Data           4  api_mem.o(.data)
    pMemBuf_64B                              0x200003c0   Data           4  api_mem.o(.data)
    pMemBuf_128B                             0x200003c4   Data           4  api_mem.o(.data)
    pMemBuf_256B                             0x200003c8   Data           4  api_mem.o(.data)
    OSCtxSwCtr                               0x200003cc   Data           4  os_core.o(.data)
    OSEventFreeList                          0x200003d0   Data           4  os_core.o(.data)
    OSFlagFreeList                           0x200003d4   Data           4  os_core.o(.data)
    OSCPUUsage                               0x200003d8   Data           1  os_core.o(.data)
    OSIdleCtrMax                             0x200003dc   Data           4  os_core.o(.data)
    OSIdleCtrRun                             0x200003e0   Data           4  os_core.o(.data)
    OSStatRdy                                0x200003e4   Data           1  os_core.o(.data)
    OSIntNesting                             0x200003e5   Data           1  os_core.o(.data)
    OSLockNesting                            0x200003e6   Data           1  os_core.o(.data)
    OSPrioCur                                0x200003e7   Data           1  os_core.o(.data)
    OSPrioHighRdy                            0x200003e8   Data           1  os_core.o(.data)
    OSRdyGrp                                 0x200003e9   Data           1  os_core.o(.data)
    OSRdyTbl                                 0x200003ea   Data           8  os_core.o(.data)
    OSRunning                                0x200003f2   Data           1  os_core.o(.data)
    OSTaskCtr                                0x200003f3   Data           1  os_core.o(.data)
    OSIdleCtr                                0x200003f4   Data           4  os_core.o(.data)
    OSTCBCur                                 0x200003f8   Data           4  os_core.o(.data)
    OSTCBFreeList                            0x200003fc   Data           4  os_core.o(.data)
    OSTCBHighRdy                             0x20000400   Data           4  os_core.o(.data)
    OSTCBList                                0x20000404   Data           4  os_core.o(.data)
    OSTickStepState                          0x20000408   Data           1  os_core.o(.data)
    OSMemFreeList                            0x2000040c   Data           4  os_core.o(.data)
    OSQFreeList                              0x20000410   Data           4  os_core.o(.data)
    OSTaskRegNextAvailID                     0x20000414   Data           1  os_core.o(.data)
    OSTime                                   0x20000418   Data           4  os_core.o(.data)
    OS_CPU_ExceptStkBase                     0x2000041c   Data           4  os_cpu_c.o(.data)
    Start_Task_Stk                           0x20000a6c   Data         256  app_task.o(.bss)
    Q_MOTOR                                  0x2000126c   Data          40  app_task.o(.bss)
    Q_UART1_Rece                             0x20001294   Data          60  app_task.o(.bss)
    led_Q_Cmd                                0x200012d0   Data          60  app_task.o(.bss)
    gbuf                                     0x2000130c   Data          16  i2c_vl53l0x.o(.bss)
    MemBuf_16B                               0x2000131c   Data        1800  api_mem.o(.bss)
    MemBuf_32B                               0x20001a24   Data        3060  api_mem.o(.bss)
    MemBuf_64B                               0x20002618   Data        5940  api_mem.o(.bss)
    MemBuf_128B                              0x20003d4c   Data        7800  api_mem.o(.bss)
    MemBuf_256B                              0x20005bc4   Data        2580  api_mem.o(.bss)
    OSEventTbl                               0x200065d8   Data         600  os_core.o(.bss)
    OSFlagTbl                                0x20006830   Data          48  os_core.o(.bss)
    OSTaskStatStk                            0x20006860   Data         512  os_core.o(.bss)
    OSTaskIdleStk                            0x20006a60   Data         512  os_core.o(.bss)
    OSTCBPrioTbl                             0x20006c60   Data         256  os_core.o(.bss)
    OSTCBTbl                                 0x20006d60   Data        1584  os_core.o(.bss)
    OSMemTbl                                 0x20007390   Data         240  os_core.o(.bss)
    OSQTbl                                   0x20007480   Data         240  os_core.o(.bss)
    OS_CPU_ExceptStk                         0x20007570   Data         512  os_cpu_c.o(.bss)
    __initial_sp                             0x20007870   Data           0  startup_tm4c123.o(STACK)



==============================================================================

Memory Map of the image

  Image Entry point : 0x00000289

  Load Region LR_IROM1 (Base: 0x00000000, Size: 0x00007490, Max: 0x00040000, ABSOLUTE, COMPRESSED[0x00006c34])

    Execution Region ER_IROM1 (Base: 0x00000000, Size: 0x00006a24, Max: 0x00040000, ABSOLUTE)

    Base Addr    Size         Type   Attr      Idx    E Section Name        Object

    0x00000000   0x00000288   Code   RO          480    RESET               startup_tm4c123.o
    0x00000288   0x00000000   Code   RO         2367  * .ARM.Collect$$$$00000000  mc_w.l(entry.o)
    0x00000288   0x00000004   Code   RO         2374    .ARM.Collect$$$$00000001  mc_w.l(entry2.o)
    0x0000028c   0x00000004   Code   RO         2377    .ARM.Collect$$$$00000004  mc_w.l(entry5.o)
    0x00000290   0x00000000   Code   RO         2379    .ARM.Collect$$$$00000008  mc_w.l(entry7b.o)
    0x00000290   0x00000000   Code   RO         2381    .ARM.Collect$$$$0000000A  mc_w.l(entry8b.o)
    0x00000290   0x00000008   Code   RO         2382    .ARM.Collect$$$$0000000B  mc_w.l(entry9a.o)
    0x00000298   0x00000000   Code   RO         2384    .ARM.Collect$$$$0000000D  mc_w.l(entry10a.o)
    0x00000298   0x00000000   Code   RO         2386    .ARM.Collect$$$$0000000F  mc_w.l(entry11a.o)
    0x00000298   0x00000004   Code   RO         2375    .ARM.Collect$$$$00002712  mc_w.l(entry2.o)
    0x0000029c   0x00000006   Code   RO         1421    .emb_text           driverlib.lib(sysctl.o)
    0x000002a2   0x00000002   PAD
    0x000002a4   0x00000026   Code   RO         2357    .emb_text           driverlib.lib(cpu.o)
    0x000002ca   0x00000002   PAD
    0x000002cc   0x00000038   Code   RO            1    .text               app.o
    0x00000304   0x00000010   Code   RO          194    .text               app_hooks.o
    0x00000314   0x000002c4   Code   RO          209    .text               app_task.o
    0x000005d8   0x0000084c   Code   RO          293    .text               led.o
    0x00000e24   0x00000384   Code   RO          321    .text               keytouch.o
    0x000011a8   0x00000900   Code   RO          336    .text               motor.o
    0x00001aa8   0x000002d8   Code   RO          350    .text               bluetooth.o
    0x00001d80   0x00000076   Code   RO          366    .text               alldata_deal.o
    0x00001df6   0x00000002   PAD
    0x00001df8   0x000001d0   Code   RO          378    .text               all_init.o
    0x00001fc8   0x00000278   Code   RO          397    .text               i2c_3731.o
    0x00002240   0x00000490   Code   RO          409    .text               i2c_vl53l0x.o
    0x000026d0   0x000000f0   Code   RO          426    .text               timer.o
    0x000027c0   0x00000108   Code   RO          438    .text               mem_store.o
    0x000028c8   0x00000180   Code   RO          450    .text               mem_q.o
    0x00002a48   0x000001d4   Code   RO          462    .text               api_mem.o
    0x00002c1c   0x00000c8c   Code   RO          485    .text               os_core.o
    0x000038a8   0x00000824   Code   RO          505    .text               os_flag.o
    0x000040cc   0x000003e4   Code   RO          517    .text               os_mbox.o
    0x000044b0   0x000001e4   Code   RO          529    .text               os_mem.o
    0x00004694   0x00000600   Code   RO          553    .text               os_q.o
    0x00004c94   0x000003a4   Code   RO          565    .text               os_sem.o
    0x00005038   0x00000724   Code   RO          577    .text               os_task.o
    0x0000575c   0x000001b8   Code   RO          589    .text               os_time.o
    0x00005914   0x00000170   Code   RO          607    .text               os_cpu_c.o
    0x00005a84   0x000000dc   Code   RO          630    .text               os_cpu_a.o
    0x00005b60   0x00000118   Code   RO          633    .text               os_dbg.o
    0x00005c78   0x00000024   Code   RO         2370    .text               mc_w.l(memcpya.o)
    0x00005c9c   0x00000024   Code   RO         2388    .text               mc_w.l(init.o)
    0x00005cc0   0x0000005c   Code   RO         2398    .text               mc_w.l(__dczerorl2.o)
    0x00005d1c   0x00000028   Code   RO          653    i.GPIODirModeSet    driverlib.lib(gpio.o)
    0x00005d44   0x0000013a   Code   RO          663    i.GPIOPadConfigSet  driverlib.lib(gpio.o)
    0x00005e7e   0x00000002   PAD
    0x00005e80   0x00000048   Code   RO          664    i.GPIOPinConfigure  driverlib.lib(gpio.o)
    0x00005ec8   0x0000001c   Code   RO          676    i.GPIOPinTypeI2C    driverlib.lib(gpio.o)
    0x00005ee4   0x0000001c   Code   RO          677    i.GPIOPinTypeI2CSCL  driverlib.lib(gpio.o)
    0x00005f00   0x0000000c   Code   RO          984    i.I2CMasterBusy     driverlib.lib(i2c.o)
    0x00005f0c   0x00000004   Code   RO          985    i.I2CMasterControl  driverlib.lib(i2c.o)
    0x00005f10   0x00000004   Code   RO          986    i.I2CMasterDataGet  driverlib.lib(i2c.o)
    0x00005f14   0x00000004   Code   RO          987    i.I2CMasterDataPut  driverlib.lib(i2c.o)
    0x00005f18   0x00000054   Code   RO          992    i.I2CMasterInitExpClk  driverlib.lib(i2c.o)
    0x00005f6c   0x00000008   Code   RO         1002    i.I2CMasterSlaveAddrSet  driverlib.lib(i2c.o)
    0x00005f74   0x00000064   Code   RO         1306    i.IntEnable         driverlib.lib(interrupt.o)
    0x00005fd8   0x0000000e   Code   RO         1308    i.IntMasterDisable  driverlib.lib(interrupt.o)
    0x00005fe6   0x0000000e   Code   RO         1309    i.IntMasterEnable   driverlib.lib(interrupt.o)
    0x00005ff4   0x00000028   Code   RO         1317    i.IntPrioritySet    driverlib.lib(interrupt.o)
    0x0000601c   0x00000034   Code   RO         1318    i.IntRegister       driverlib.lib(interrupt.o)
    0x00006050   0x00000120   Code   RO         1426    i.SysCtlClockSet    driverlib.lib(sysctl.o)
    0x00006170   0x00000028   Code   RO         1455    i.SysCtlPeripheralEnable  driverlib.lib(sysctl.o)
    0x00006198   0x00000018   Code   RO         1767    i.SysTickIntRegister  driverlib.lib(systick.o)
    0x000061b0   0x00000060   Code   RO         1830    i.TimerConfigure    driverlib.lib(timer.o)
    0x00006210   0x00000010   Code   RO         1838    i.TimerDisable      driverlib.lib(timer.o)
    0x00006220   0x0000000e   Code   RO         1839    i.TimerEnable       driverlib.lib(timer.o)
    0x0000622e   0x00000004   Code   RO         1840    i.TimerIntClear     driverlib.lib(timer.o)
    0x00006232   0x00000008   Code   RO         1842    i.TimerIntEnable    driverlib.lib(timer.o)
    0x0000623a   0x00000012   Code   RO         1848    i.TimerLoadSet      driverlib.lib(timer.o)
    0x0000624c   0x0000000c   Code   RO         2074    i.UARTCharGet       driverlib.lib(uart.o)
    0x00006258   0x0000000c   Code   RO         2076    i.UARTCharPut       driverlib.lib(uart.o)
    0x00006264   0x00000004   Code   RO         2095    i.UARTIntClear      driverlib.lib(uart.o)
    0x00006268   0x00000058   Code   RO         2098    i.UARTIntRegister   driverlib.lib(uart.o)
    0x000062c0   0x0000000a   Code   RO         2099    i.UARTIntStatus     driverlib.lib(uart.o)
    0x000062ca   0x0000000e   Code   RO         2392    i.__scatterload_copy  mc_w.l(handlers.o)
    0x000062d8   0x00000002   Code   RO         2393    i.__scatterload_null  mc_w.l(handlers.o)
    0x000062da   0x0000000e   Code   RO         2394    i.__scatterload_zeroinit  mc_w.l(handlers.o)
    0x000062e8   0x0000020a   Data   RO          308    .constdata          ledbuffer.o
    0x000064f2   0x00000100   Data   RO          487    .constdata          os_core.o
    0x000065f2   0x00000002   PAD
    0x000065f4   0x00000074   Data   RO          634    .constdata          os_dbg.o
    0x00006668   0x00000210   Data   RO          696    .constdata          driverlib.lib(gpio.o)
    0x00006878   0x0000010c   Data   RO         1322    .constdata          driverlib.lib(interrupt.o)
    0x00006984   0x00000080   Data   RO         2114    .constdata          driverlib.lib(uart.o)
    0x00006a04   0x00000020   Data   RO         2390    Region$$Table       anon$$obj.o


    Execution Region RW_IRAM1 (Base: 0x20000000, Size: 0x00007870, Max: 0x00008000, ABSOLUTE, COMPRESSED[0x00000210])

    Base Addr    Size         Type   Attr      Idx    E Section Name        Object

    0x20000000   0x00000034   Data   RW          211    .data               app_task.o
    0x20000034   0x00000004   Data   RW          294    .data               led.o
    0x20000038   0x00000338   Data   RW          309    .data               ledbuffer.o
    0x20000370   0x00000009   Data   RW          322    .data               keytouch.o
    0x20000379   0x00000001   PAD
    0x2000037a   0x0000000c   Data   RW          337    .data               motor.o
    0x20000386   0x00000002   PAD
    0x20000388   0x00000010   Data   RW          351    .data               bluetooth.o
    0x20000398   0x00000008   Data   RW          379    .data               all_init.o
    0x200003a0   0x00000017   Data   RW          411    .data               i2c_vl53l0x.o
    0x200003b7   0x00000001   PAD
    0x200003b8   0x00000014   Data   RW          464    .data               api_mem.o
    0x200003cc   0x00000050   Data   RW          488    .data               os_core.o
    0x2000041c   0x00000004   Data   RW          609    .data               os_cpu_c.o
    0x20000420   0x000003e0   PAD
    0x20000800   0x0000026c   Data   RW         1323    vtable              driverlib.lib(interrupt.o)
    0x20000a6c   0x000008a0   Zero   RW          210    .bss                app_task.o
    0x2000130c   0x00000010   Zero   RW          410    .bss                i2c_vl53l0x.o
    0x2000131c   0x000052bc   Zero   RW          463    .bss                api_mem.o
    0x200065d8   0x00000f98   Zero   RW          486    .bss                os_core.o
    0x20007570   0x00000200   Zero   RW          608    .bss                os_cpu_c.o
    0x20007770   0x00000100   Zero   RW          478    STACK               startup_tm4c123.o


==============================================================================

Image component sizes


      Code (inc. data)   RO Data    RW Data    ZI Data      Debug   Object Name

       464         32          0          8          0       5594   all_init.o
       118          0          0          0          0       1393   alldata_deal.o
       468         40          0         20      21180       2119   api_mem.o
        56          8          0          0          0      14203   app.o
        16          0          0          0          0       1322   app_hooks.o
       708        122          0         52       2208      12496   app_task.o
       728         68          0         16          0       2145   bluetooth.o
       632         36          0          0          0       2208   i2c_3731.o
      1168         72          0         23         16       4397   i2c_vl53l0x.o
       900         40          0          9          0       2379   keytouch.o
      2124        292          0          4          0       5515   led.o
         0          0        522        824          0       3131   ledbuffer.o
       384          0          0          0          0       2328   mem_q.o
       264          0          0          0          0       2466   mem_store.o
      2304        114          0         12          0       3241   motor.o
      3212        260        256         80       3992      17954   os_core.o
       220         36          0          0          0        296   os_cpu_a.o
       368         20          0          4        512      11659   os_cpu_c.o
       280        184        116          0          0       3298   os_dbg.o
      2084         40          0          0          0       6896   os_flag.o
       996         20          0          0          0       4106   os_mbox.o
       484         16          0          0          0       3084   os_mem.o
      1536         36          0          0          0       5501   os_q.o
       932         22          0          0          0       3854   os_sem.o
      1828         74          0          0          0       6353   os_task.o
       440         30          0          0          0       1774   os_time.o
       648        622          0          0        256        224   startup_tm4c123.o
       240         20          0          0          0        826   timer.o

    ----------------------------------------------------------------------
     23604       2204        928       2048      28164     130762   Object Totals
         0          0         32          0          0          0   (incl. Generated)
         2          0          2        996          0          0   (incl. Padding)

    ----------------------------------------------------------------------

      Code (inc. data)   RO Data    RW Data    ZI Data      Debug   Library Member Name

        38          0          0          0          0        504   cpu.o
       482          8        528          0          0       6408   gpio.o
       116         12          0          0          0       3516   i2c.o
       220         20        268        620          0       3260   interrupt.o
       334         22          0          0          0       1550   sysctl.o
        24          0          0          0          0        461   systick.o
       156          8          0          0          0       2678   timer.o
       126         18        128          0          0       3346   uart.o
        92          0          0          0          0          0   __dczerorl2.o
         0          0          0          0          0          0   entry.o
         0          0          0          0          0          0   entry10a.o
         0          0          0          0          0          0   entry11a.o
         8          4          0          0          0          0   entry2.o
         4          0          0          0          0          0   entry5.o
         0          0          0          0          0          0   entry7b.o
         0          0          0          0          0          0   entry8b.o
         8          4          0          0          0          0   entry9a.o
        30          0          0          0          0          0   handlers.o
        36          8          0          0          0         68   init.o
        36          0          0          0          0         68   memcpya.o

    ----------------------------------------------------------------------
      1716        104        924        620          0      21859   Library Totals
         6          0          0          0          0          0   (incl. Padding)

    ----------------------------------------------------------------------

      Code (inc. data)   RO Data    RW Data    ZI Data      Debug   Library Name

      1496         88        924        620          0      21723   driverlib.lib
       214         16          0          0          0        136   mc_w.l

    ----------------------------------------------------------------------
      1716        104        924        620          0      21859   Library Totals

    ----------------------------------------------------------------------

==============================================================================


      Code (inc. data)   RO Data    RW Data    ZI Data      Debug   

     25320       2308       1852       2668      28164     146421   Grand Totals
     25320       2308       1852        528      28164     146421   ELF Image Totals (compressed)
     25320       2308       1852        528          0          0   ROM Totals

==============================================================================

    Total RO  Size (Code + RO Data)                27172 (  26.54kB)
    Total RW  Size (RW Data + ZI Data)             30832 (  30.11kB)
    Total ROM Size (Code + RO Data + RW Data)      27700 (  27.05kB)

==============================================================================

